Zeina Benton
Log for AST5765, Fall 2026
*****IN: Wed Aug 26 15:11:03 EST 2026
Opened TextEdit, started this log, saved as:
/home/zeinabenton/Desktop/0-ast5765-zeinabenton.log

Name: Zeina Benton
Username: zeinabenton
What astronomy classes have you taken
I have taken numerous different astronomy classes as my undergraduate degree was astrophysics (i.e. observation astronomy data analysis).

Are you generally comfortable with calculus and physics?
Yes

Have you ever programmed a computer?
No I haven’t programmed a computer, I program in Python in a computer.

In what language(s)?
Refer to above question.

Have you taken a programming class, and if so which?
No not formally, I am research self-taught.

Have you taken statistics or probability?
No

Will you be attending the DPS conference this year, or will
you be away otherwise?
I am unsure currently, depends on my PhD advisor.

Why are you taking this course?
As a PhD requirement and to better my programming skills.

Are there particular topics you hope to learn?
Any skills beyond my current knowledge of observational astronomy.

If you have programmed outside of a course before, please
briefly describe:
I have coded in my stellar astrophysics research, investigating the evolution and structure of NGC 2264.

If you have worked with scientific data before, briefly
describe your experience:
I have worked with large data sets such as 2MASS and Gaia for star catalogues.

Please describe any projects in astronomy, including
involvement in amateur groups, owning a telescope,
research, etc.:
As stated above, I have worked on smaller telescopes in an observational astronomy class and outside of classwork, I researched star clusters. Additionally, I was in an astrophotography course.

Steps in log:
I will enter my course folder labeled AST5765, enter Homework folder, and start a folder labeled hw0_zeinabenton (number changes with each assignment). Then open a textedit (Mac) file in said folder named 0-ast5765-zeinabenton.log (ensure that the file is 'save as plain text for a txt file). Then zip (compress the folder) the folder with the file and submit it.

*****OUT: Wed Aug 26 15:17:00 EST 2026
Opened TextEdit, started this log, saved as:
/home/zeinabenton/Desktop/0-ast5765-zeinabenton.log

